// Jest Snapshot v1, https://goo.gl/fbAQLP

exports[`ContactCard.jsx suite renders correctly for contact 1 1`] = `ShallowWrapper {}`;

exports[`ContactCard.jsx suite renders correctly for contact 2 1`] = `ShallowWrapper {}`;

exports[`ContactCard.jsx suite renders correctly for contact 3 1`] = `ShallowWrapper {}`;
